#-----------------------------------------------------------
# xsim v2021.2 (64-bit)
# SW Build 3367213 on Tue Oct 19 02:47:39 MDT 2021
# IP Build 3369179 on Thu Oct 21 08:25:16 MDT 2021
# Start of session at: Mon Jun  1 15:55:13 2026
# Process ID: 3509
# Current directory: /home/student/ksitko/vga/projekt/LogicRail-FPGA-based-Rail-Control-Simulator
# Command line: xsim -mode tcl -source {xsim.dir/TopVgaTB_snapshot/xsim_script.tcl}
# Log file: /home/student/ksitko/vga/projekt/LogicRail-FPGA-based-Rail-Control-Simulator/xsim.log
# Journal file: /home/student/ksitko/vga/projekt/LogicRail-FPGA-based-Rail-Control-Simulator/xsim.jou
# Running On: cadence22, OS: Linux, CPU Frequency: 3766.601 MHz, CPU Physical cores: 4, Host memory: 16720 MB
#-----------------------------------------------------------
source xsim.dir/TopVgaTB_snapshot/xsim_script.tcl
# xsim {TopVgaTB_snapshot} -autoloadwcfg -runall
Time resolution is 1 ps
run -all
Plik PPM otwarty poprawnie. Trwa generowanie klatki...
Sukces! Plik zapisany. Koniec symulacji.
$finish called at time : 15840187500 ps : File "/home/student/ksitko/vga/projekt/LogicRail-FPGA-based-Rail-Control-Simulator/code/sim/TopVgaTB.sv" Line 62
run: Time (s): cpu = 00:00:00.83 ; elapsed = 00:00:17 . Memory (MB): peak = 2823.984 ; gain = 0.000 ; free physical = 3781 ; free virtual = 18616
exit
INFO: xsimkernel Simulation Memory Usage: 133556 KB (Peak: 182368 KB), Simulation CPU Usage: 16790 ms
INFO: [Common 17-206] Exiting xsim at Mon Jun  1 15:55:36 2026...
