Copyright 1986-2022 Xilinx, Inc. All Rights Reserved. Copyright 2022-2025 Advanced Micro Devices, Inc. All Rights Reserved.
---------------------------------------------------------------------------------------------------------------------------------------------
| Tool Version : Vivado v.2025.2 (win64) Build 6299465 Fri Nov 14 19:35:11 GMT 2025
| Date         : Mon Aug 31 16:01:01 2026
| Host         : Master-Slave running 64-bit major release  (build 9200)
| Command      : report_control_sets -verbose -file TopPanel_control_sets_placed.rpt
| Design       : TopPanel
| Device       : xc7a35t
---------------------------------------------------------------------------------------------------------------------------------------------

Control Set Information

Table of Contents
-----------------
1. Summary
2. Histogram
3. Flip-Flop Distribution
4. Detailed Control Set Information

1. Summary
----------

+----------------------------------------------------------+-------+
|                          Status                          | Count |
+----------------------------------------------------------+-------+
| Total control sets                                       |    24 |
|    Minimum number of control sets                        |    24 |
|    Addition due to synthesis replication                 |     0 |
|    Addition due to physical synthesis replication        |     0 |
| Unused register locations in slices containing registers |    60 |
+----------------------------------------------------------+-------+
* Control sets can be merged at opt_design using control_set_merge or merge_equivalent_drivers
** Run report_qor_suggestions for automated merging and remapping suggestions


2. Histogram
------------

+--------------------+-------+
|       Fanout       | Count |
+--------------------+-------+
| Total control sets |    24 |
| >= 0 to < 4        |     6 |
| >= 4 to < 6        |     0 |
| >= 6 to < 8        |     1 |
| >= 8 to < 10       |    13 |
| >= 10 to < 12      |     0 |
| >= 12 to < 14      |     0 |
| >= 14 to < 16      |     0 |
| >= 16              |     4 |
+--------------------+-------+
* Control sets can be remapped at either synth_design or opt_design


3. Flip-Flop Distribution
-------------------------

+--------------+-----------------------+------------------------+-----------------+--------------+
| Clock Enable | Synchronous Set/Reset | Asynchronous Set/Reset | Total Registers | Total Slices |
+--------------+-----------------------+------------------------+-----------------+--------------+
| No           | No                    | No                     |               0 |            0 |
| No           | No                    | Yes                    |             114 |           42 |
| No           | Yes                   | No                     |              10 |            3 |
| Yes          | No                    | No                     |               8 |            2 |
| Yes          | No                    | Yes                    |             133 |           56 |
| Yes          | Yes                   | No                     |              35 |           15 |
+--------------+-----------------------+------------------------+-----------------+--------------+


4. Detailed Control Set Information
-----------------------------------

+----------------+---------------------------------------------+------------------+------------------+----------------+--------------+
|  Clock Signal  |                Enable Signal                | Set/Reset Signal | Slice Load Count | Bel Load Count | Bels / Slice |
+----------------+---------------------------------------------+------------------+------------------+----------------+--------------+
|  clk_IBUF_BUFG | u_FSM_15/E[0]                               | btnC_IBUF        |                1 |              1 |         1.00 |
|  clk_IBUF_BUFG | u_Serializer/stcp0_out                      | btnC_IBUF        |                1 |              1 |         1.00 |
|  clk_IBUF_BUFG | u_Serializer/ds1_out                        | btnC_IBUF        |                1 |              1 |         1.00 |
|  clk_IBUF_BUFG | u_FSM_0/position0                           | btnC_IBUF        |                1 |              1 |         1.00 |
|  clk_IBUF_BUFG | u_FSM_1/position0                           | btnC_IBUF        |                1 |              1 |         1.00 |
|  clk_IBUF_BUFG | u_FSM_14/FSM_sequential_state_reg[0]_0[0]   | btnC_IBUF        |                1 |              1 |         1.00 |
|  clk_IBUF_BUFG | u_Serializer/bit_cnt[5]_i_1_n_0             | btnC_IBUF        |                2 |              6 |         3.00 |
|  clk_IBUF_BUFG | u_UartRx/E[0]                               |                  |                2 |              8 |         4.00 |
|  clk_IBUF_BUFG | u_UartRx/rx_data[7]_i_1_n_0                 | btnC_IBUF        |                2 |              8 |         4.00 |
|  clk_IBUF_BUFG | u_RealClock/E[0]                            | btnC_IBUF        |                3 |              8 |         2.67 |
|  clk_IBUF_BUFG | u_FSM_14/E[0]                               | btnC_IBUF        |                3 |              8 |         2.67 |
|  clk_IBUF_BUFG | u_Turnout_P1/current_train_id[7]_i_1__1_n_0 | btnC_IBUF        |                4 |              8 |         2.00 |
|  clk_IBUF_BUFG | u_Turnout_P2/current_train_id[7]_i_1_n_0    | btnC_IBUF        |                4 |              8 |         2.00 |
|  clk_IBUF_BUFG | u_Track_4/E[0]                              | btnC_IBUF        |                3 |              8 |         2.67 |
|  clk_IBUF_BUFG | u_Turnout_P2/E[0]                           | btnC_IBUF        |                3 |              8 |         2.67 |
|  clk_IBUF_BUFG | u_Turnout_P2/minute_tick_prev_reg_0[0]      | btnC_IBUF        |                4 |              8 |         2.00 |
|  clk_IBUF_BUFG | u_Turnout_P2/minute_tick_prev_reg_1[0]      | btnC_IBUF        |                6 |              8 |         1.33 |
|  clk_IBUF_BUFG | u_Turnout_P2/minute_tick_prev_reg[0]        | btnC_IBUF        |                3 |              8 |         2.67 |
|  clk_IBUF_BUFG | u_Turnout_L1/current_train_id[7]_i_1__6_n_0 | btnC_IBUF        |                4 |              8 |         2.00 |
|  clk_IBUF_BUFG | u_Track_0/E[0]                              | btnC_IBUF        |                2 |              9 |         4.50 |
|  clk_IBUF_BUFG | u_UartRx/bit_tmr_nxt[0]                     | btnC_IBUF        |                6 |             16 |         2.67 |
|  clk_IBUF_BUFG | u_UartTx/bit_tmr_nxt[0]                     | btnC_IBUF        |                5 |             16 |         3.20 |
|  clk_IBUF_BUFG | u_Serializer/shift_reg[47]_i_1_n_0          | btnC_IBUF        |               11 |             27 |         2.45 |
|  clk_IBUF_BUFG |                                             | btnC_IBUF        |               45 |            124 |         2.76 |
+----------------+---------------------------------------------+------------------+------------------+----------------+--------------+


