#-----------------------------------------------------------
# Vivado v2025.2 (64-bit)
# SW Build 6299465 on Fri Nov 14 19:35:11 GMT 2025
# IP Build 6300035 on Fri Nov 14 10:48:45 MST 2025
# SharedData Build 6298862 on Thu Nov 13 04:50:51 MST 2025
# Start of session at: Mon Aug 31 16:00:20 2026
# Process ID         : 17800
# Current directory  : C:/test_2/LogicRail-FPGA-based-Rail-Control-Simulator/fpga/Station_B/scripts/Stacja_Panel/Stacja_Panel.runs/impl_1
# Command line       : vivado.exe -log TopPanel.vdi -applog -product Vivado -messageDb vivado.pb -mode batch -source TopPanel.tcl -notrace
# Log file           : C:/test_2/LogicRail-FPGA-based-Rail-Control-Simulator/fpga/Station_B/scripts/Stacja_Panel/Stacja_Panel.runs/impl_1/TopPanel.vdi
# Journal file       : C:/test_2/LogicRail-FPGA-based-Rail-Control-Simulator/fpga/Station_B/scripts/Stacja_Panel/Stacja_Panel.runs/impl_1\vivado.jou
# Running On         : Master-Slave
# Platform           : Windows Server 2016 or Windows 10
# Operating System   : 26200
# Processor Detail   : AMD Ryzen 7 4800H with Radeon Graphics         
# CPU Frequency      : 2895 MHz
# CPU Physical cores : 8
# CPU Logical cores  : 16
# Host memory        : 16558 MB
# Swap memory        : 15569 MB
# Total Virtual      : 32127 MB
# Available Virtual  : 8796 MB
#-----------------------------------------------------------
source TopPanel.tcl -notrace
